Crasm 1.8:                 Heathkit SAMPLE1                                                                          page  1

                         1          NAM Heathkit SAMPLE1
                         2          PAGE 66,132
                         3  
                         4  ;                   A SAMPLE PROGRAM
                         5  ;
                         6  ; The sample program provides you with a routine to test the operation
                         7  ; of your ETA-3400 Microcomputer Accessory. You can use the routine
                         8  ; to gain proficiency with the FANTOM II Monitor. The routine is a
                         9  ; duplicate (with minor changes) of a program listed in the ET-3400
                        10  ; Manual.
                        11  ;
                        12  ; Use FANTOM II when you enter, verify, and execute the sample
                        13  ; program. When the program is running the LED on the ET-3400 Trainer
                        14  ; will sequentially turn each segment on and off and then return to
                        15  ; the monitor.
                        16  
                        17  ; Entered from listing on page 22 of ETA-3400 manual by Jeff Tranter
                        18  ; <tranter@pobox.com>.
                        19  ; Added definitions to get it to assemble and adapted to the crasm
                        20  ; assembler (https://github.com/colinbourassa/crasm).
                        21  
                        22          CPU 6800
                        23  
  FCBC                  24          REDIS   EQU $FCBC
  00F0                  25          DIGADD  EQU $F0
  FE3A                  26          OUTCH   EQU $FE3A
  1400                  27          MAIN    EQU $1400
                        28  
  0100                  29          * = $0100
                        30  
0100 BDFCBC             31  START   JSR     REDIS           ; SET UP FIRST DISPLAY ADDRESS
0103 8601               32          LDAA    #$01            ; FIRST SEGMENT CODE
0105 2007               33          BRA     OUT
0107 D6F1               34  SAME    LDAB    DIGADD+1        ; FIX DISPLAY ADDRESS
0109 CB10               35          ADDB    #$10            ; FOR NEXT ADDRESS
010B D7F1               36          STAB    DIGADD+1
010D 48                 37          ASLA                    ; NEXT SEGMENT CODE
010E BDFE3A             38  OUT     JSR     OUTCH           ; OUTPUT SEGMENT
0111 CE2F00             39          LDX     #$2F00          ; TIME TO WAIT
0114 09                 40  WAIT    DEX
0115 26FD               41          BNE     WAIT            ; TIME OUT YET?
0117 16                 42          TAB
0118 5D                 43          TSTB                    ; LAST SEGMENT THIS DISPLAY?
0119 26EC               44          BNE     SAME            ; NEXT SEGMENT
011B 8601               45          LDAA    #$01            ; RESET SEGMENT CODE
011D DEF0               46          LDX     DIGADD          ; NEXT DISPLAY
011F 8CC10F             47          CPX     #$C10F          ; LAST DISPLAY YET?
0122 26EA               48          BNE     OUT
0124 BD1400             49          JSR     MAIN            ; Go to monitor
                        50  

ERRORS:       0
WARNINGS:     0

Successful assembly...
 Last address      126 (294)
 Code length        4e (78)







Crasm 1.8:                 Heathkit SAMPLE1                                                                          page  2

 00F0   Abs DIGADD                                            1400   Abs MAIN                                             
^010E   Abs OUT                                               FE3A   Abs OUTCH                                            
 FCBC   Abs REDIS                                             0107   Abs SAME                                             
?0100   Abs START                                             0114   Abs WAIT                                             




























































